// Jest Snapshot v1, https://goo.gl/fbAQLP

exports[`Tests Snapshot 1`] = `
<View
  accessible={true}
  focusable={false}
  onClick={[Function]}
  onResponderGrant={[Function]}
  onResponderMove={[Function]}
  onResponderRelease={[Function]}
  onResponderTerminate={[Function]}
  onResponderTerminationRequest={[Function]}
  onStartShouldSetResponder={[Function]}
  style={
    Object {
      "alignItems": "center",
      "backgroundColor": "#020191",
      "borderRadius": 50,
      "bottom": 20,
      "color": "#fff",
      "elevation": 5,
      "height": 65,
      "justifyContent": "center",
      "opacity": 1,
      "padding": 16,
      "position": "absolute",
      "right": 20,
      "shadowColor": "#000",
      "shadowOffset": Object {
        "height": 2,
        "width": 0,
      },
      "shadowOpacity": 0.25,
      "shadowRadius": 3.84,
      "width": 65,
    }
  }
>
  <Text />
</View>
`;
